[motimhahl.ddo.jp/index.html]
[backblue.gif]
[fade.gif]
[index.html]
[motimhahl.ddo.jp/wp-content/plugins/contact-form-7/includes/css/styles20fd.css]
[motimhahl.ddo.jp/wp-content/plugins/vk-all-in-one-expansion-unit/css/vkExUnit_style1eb7.css]
[motimhahl.ddo.jp/feed/index.html]
[motimhahl.ddo.jp/wp-content/themes/lightning/library/font-awesome/4.7.0/css/font-awesome.min1849.css]
[motimhahl.ddo.jp/wp-content/themes/lightning/design_skin/origin/css/style0235.css]
[motimhahl.ddo.jp/wp-content/plugins/jetpack/css/jetpack271b.css]
[motimhahl.ddo.jp/comments/feed/index.html]
[motimhahl.ddo.jp/wp-includes/js/jquery/jqueryb8ff.js]
[motimhahl.ddo.jp/wp-includes/js/jquery/jquery-migrate.min330a.js]
[motimhahl.ddo.jp/wp-content/themes/lightning/js/lightning.min0235.js]
[motimhahl.ddo.jp/wp-content/plugins/lightning-advanced-unit/js/lightning-adv.minb12b.js]
[motimhahl.ddo.jp/wp-content/plugins/lightning-advanced-unit/inc/navigation/js/navigation.minb12b.js]
[motimhahl.ddo.jp/xmlrpc0db0.php]
[motimhahl.ddo.jp/wp-json/index.html]
[motimhahl.ddo.jp/wp-includes/wlwmanifest.xml]
[motimhahl.ddo.jp/wp-json/oembed/1.0/embed11f3.json]
[motimhahl.ddo.jp/wp-json/oembed/1.0/embed98d7]
[motimhahl.ddo.jp/wp-content/uploads/2016/07/IMG_2594.jpg]
[motimhahl.ddo.jp/customers-voice/index.html]
[motimhahl.ddo.jp/menu/index.html]
[motimhahl.ddo.jp/access/index.html]
[platform.twitter.com/widgets.js]
[s0.wp.com/wp-content/js/devicepx-jetpack08e0.js]
[motimhahl.ddo.jp/wp-includes/js/wp-embed.mine100.js]
[motimhahl.ddo.jp/wp-content/plugins/vk-all-in-one-expansion-unit/js/all.min1eb7.js]
[motimhahl.ddo.jp/wp-content/plugins/jetpack/_inc/build/spin.min4e44.js]
[motimhahl.ddo.jp/wp-content/plugins/jetpack/_inc/build/jquery.spin.min4e44.js]
[motimhahl.ddo.jp/wp-content/plugins/jetpack/_inc/build/carousel/jetpack-carousel.mina4d5.js]
[motimhahl.ddo.jp/index.html]
[stats.wp.com/e-201813.js]
[motimhahl.ddo.jp/wp-content/plugins/contact-form-7/images/ajax-loader.gif]
[motimhahl.ddo.jp/wp-content/plugins/contact-form-7/includes/css/styles20fd.css]
[motimhahl.ddo.jp/wp-content/plugins/vk-all-in-one-expansion-unit/plugins/sns/icons/fonts/vk_sns7877.eot]
[motimhahl.ddo.jp/wp-content/plugins/vk-all-in-one-expansion-unit/plugins/sns/icons/fonts/vk_snsd41d.eot]
[motimhahl.ddo.jp/wp-content/plugins/vk-all-in-one-expansion-unit/plugins/sns/icons/fonts/vk_sns7877.woff]
[motimhahl.ddo.jp/wp-content/plugins/vk-all-in-one-expansion-unit/plugins/sns/icons/fonts/vk_sns7877.ttf]
[motimhahl.ddo.jp/wp-content/plugins/vk-all-in-one-expansion-unit/css/vkExUnit_style1eb7.css]
[motimhahl.ddo.jp/wp-content/themes/lightning/library/font-awesome/4.7.0/fonts/fontawesome-webfont3e6e.eot]
[motimhahl.ddo.jp/wp-content/themes/lightning/library/font-awesome/4.7.0/fonts/fontawesome-webfontd41d.eot]
[motimhahl.ddo.jp/wp-content/themes/lightning/library/font-awesome/4.7.0/fonts/fontawesome-webfont3e6e.woff2]
[motimhahl.ddo.jp/wp-content/themes/lightning/library/font-awesome/4.7.0/fonts/fontawesome-webfont3e6e.woff]
[motimhahl.ddo.jp/wp-content/themes/lightning/library/font-awesome/4.7.0/fonts/fontawesome-webfont3e6e.ttf]
[motimhahl.ddo.jp/wp-content/themes/lightning/library/font-awesome/4.7.0/css/font-awesome.min1849.css]
[motimhahl.ddo.jp/wp-content/themes/lightning/design_skin/origin/fonts/glyphicons-halflings-regular.eot]
[motimhahl.ddo.jp/wp-content/themes/lightning/design_skin/origin/fonts/glyphicons-halflings-regulard41d.eot]
[motimhahl.ddo.jp/wp-content/themes/lightning/design_skin/origin/fonts/glyphicons-halflings-regular.woff2]
[motimhahl.ddo.jp/wp-content/themes/lightning/design_skin/origin/fonts/glyphicons-halflings-regular.woff]
[motimhahl.ddo.jp/wp-content/themes/lightning/design_skin/origin/fonts/glyphicons-halflings-regular.ttf]
[motimhahl.ddo.jp/wp-content/themes/lightning/design_skin/origin/css/style0235.css]
[motimhahl.ddo.jp/wp-content/themes/lightning/style0235.css]
[motimhahl.ddo.jp/wp-content/plugins/lightning-advanced-unit/inc/navigation/css/navigationb12b.css]
[motimhahl.ddo.jp/wp-content/plugins/jetpack/modules/carousel/images/arrows.png]
[motimhahl.ddo.jp/wp-content/plugins/jetpack/modules/carousel/images/arrows-2x.png]
[motimhahl.ddo.jp/wp-content/plugins/jetpack/modules/carousel/images/carousel-spritee4da.png]
[motimhahl.ddo.jp/wp-content/plugins/jetpack/modules/carousel/images/carousel-sprite-2xe4da.png]
[motimhahl.ddo.jp/wp-content/plugins/jetpack/modules/shortcodes/img/slideshow-controls.png]
[motimhahl.ddo.jp/wp-content/plugins/jetpack/modules/shortcodes/img/slideshow-controls-2x.png]
[motimhahl.ddo.jp/wp-content/plugins/jetpack/modules/shortcodes/images/slide-nav.png]
[motimhahl.ddo.jp/wp-content/plugins/jetpack/modules/shortcodes/images/expand.png]
[motimhahl.ddo.jp/wp-content/plugins/jetpack/modules/shortcodes/images/collapse.png]
[secure.gravatar.com/images/grav-share-sprite.png]
[motimhahl.ddo.jp/wp-content/plugins/jetpack/css/jetpack271b.css]
[motimhahl.ddo.jp/wp-json/oembed/1.0/embedc8b5.json]
[motimhahl.ddo.jp/wp-json/oembed/1.0/embed0d9c]
[motimhahl.ddo.jp/wp-content/uploads/2016/07/モティマハル-メニュー_11-683x1024.jpg]
[motimhahl.ddo.jp/wp-content/uploads/2016/07/S__1744899-768x1024.jpg]
[motimhahl.ddo.jp/wp-content/uploads/2016/07/S__1744902_0-762x1024.jpg]
[motimhahl.ddo.jp/wp-content/uploads/2016/07/S__1744903-768x1024.jpg]
[motimhahl.ddo.jp/wp-content/uploads/2016/07/IMG_2885-768x1024.jpg]
[motimhahl.ddo.jp/wp-content/uploads/2016/07/IMG_2883-768x1024.jpg]
[motimhahl.ddo.jp/wp-content/uploads/2016/07/モティマハル-メニュー_3-667x1024.jpg]
[motimhahl.ddo.jp/wp-content/uploads/2016/07/モティマハル-メニュー_9-742x1024.jpg]
[motimhahl.ddo.jp/wp-content/uploads/2016/07/モティマハル-メニュー_10-658x1024.jpg]
[motimhahl.ddo.jp/wp-content/uploads/2016/07/S__1744898-768x1024.jpg]
[motimhahl.ddo.jp/menu/index.html]
[motimhahl.ddo.jp/wp-json/oembed/1.0/embed1349.json]
[motimhahl.ddo.jp/access/index.html]
[motimhahl.ddo.jp/wp-json/oembed/1.0/embed87d1]
[motimhahl.ddo.jp/wp-json/oembed/1.0/embed14e0.json]
[motimhahl.ddo.jp/customers-voice/index.html]
[motimhahl.ddo.jp/wp-content/uploads/2016/07/card.jpg]
[motimhahl.ddo.jp/wp-content/uploads/2016/07/IMG_2601.jpg]
[motimhahl.ddo.jp/wp-content/uploads/2016/07/IMG_2613-e1469719264626-768x1024.jpg]
[motimhahl.ddo.jp/wp-json/oembed/1.0/embedd0fd]
[s0.wp.com/wp-content/js/devicepx-jetpack08e0.js]
[motimhahl.ddo.jp/wp-content/plugins/contact-form-7/includes/js/scripts20fd.js]
[stats.wp.com/e-201813.js]
[motimhahl.ddo.jp/wp-content/plugins/vk-all-in-one-expansion-unit/plugins/sns/icons/fonts/vk_sns7877.svg]
[motimhahl.ddo.jp/wp-content/themes/lightning/library/font-awesome/4.7.0/fonts/fontawesome-webfont3e6e.svg]
[motimhahl.ddo.jp/wp-content/themes/lightning/design_skin/origin/fonts/glyphicons-halflings-regular.svg]
[motimhahl.ddo.jp/customers-voice/_https_/tabelog.com/aichi/A2301/A230106/23061450/dtlrvwlst/B333042502/index3ab0.html]
[motimhahl.ddo.jp/g.html]
[motimhahl.ddo.jp/c.html]
[motimhahl.ddo.jp/t.html]
[motimhahl.ddo.jp/customers-voice/_https_/tabelog.com/aichi/A2301/A230106/23061450/dtlrvwlst/B333042502/index94ed.html]
[www.google-analytics.com/analytics.js]
[motimhahl.ddo.jp/customers-voice/_https_/tabelog.com/aichi/A2301/A230106/23061450/dtlrvwlst/B333042502/index94ed.html]
[motimhahl.net/wp-content/uploads/2016/07/IMG_2601.jpg]
[connect.facebook.net/en_US/sdk.js]
